src/core/ui/inspector/inspector_image.tsx(19,54): error TS2352: Conversion of type 'Record<string, { data: { [x: string]: any; }; active: boolean; rect: { x: number; y: number; w: number; h: number; r: number; }; animation: { enter: { type: string; duration: number; delay: number; ease: string; }; exit: { ...; }; }; }>' to type 'Record<string, ElementSceneState<{ fileId: string; styleOpacity: string; activeFileId: string; activeStyleOpacity: string; activeEvent: string; activeDuration: number; activeTransitionDuration: string; styleCss: string; }>>' may be a mistake because neither type sufficiently overlaps with the other. If this was intentional, convert the expression to 'unknown' first.
  'string' index signatures are incompatible.
    Type '{ data: { [x: string]: any; }; active: boolean; rect: { x: number; y: number; w: number; h: number; r: number; }; animation: { enter: { type: string; duration: number; delay: number; ease: string; }; exit: { type: string; duration: number; delay: number; ease: string; }; }; }' is not comparable to type 'ElementSceneState<{ fileId: string; styleOpacity: string; activeFileId: string; activeStyleOpacity: string; activeEvent: string; activeDuration: number; activeTransitionDuration: string; styleCss: string; }>'.
      Types of property 'data' are incompatible.
        Type '{ [x: string]: any; }' is missing the following properties from type '{ fileId: string; styleOpacity: string; activeFileId: string; activeStyleOpacity: string; activeEvent: string; activeDuration: number; activeTransitionDuration: string; styleCss: string; }': fileId, styleOpacity, activeFileId, activeStyleOpacity, and 4 more.
src/core/ui/inspector/inspector_stt.tsx(57,8): error TS2741: Property 'label' is missing in type '{ value: string; onValueChange: (value: string) => void; options: { label: string; value: string; }[]; }' but required in type 'NewNewSelectProps'.
src/core/ui/inspector/inspector_text.tsx(23,10): error TS2300: Duplicate identifier 'DocumentState'.
src/core/ui/inspector/inspector_text.tsx(25,10): error TS2300: Duplicate identifier 'DocumentState'.
src/core/ui/inspector/inspector_text.tsx(30,54): error TS2352: Conversion of type 'Record<string, { data: { [x: string]: any; }; active: boolean; rect: { x: number; y: number; w: number; h: number; r: number; }; animation: { enter: { type: string; duration: number; delay: number; ease: string; }; exit: { ...; }; }; }>' to type 'Record<string, ElementSceneState<{ previewMode: boolean; textCase: FontCase; textFontFamily: string; textFontSize: string; textFontWeight: string; textLineHeight: string; textColor: string; textColorInterim: string; ... 75 more ...; css: string; }>>' may be a mistake because neither type sufficiently overlaps with the other. If this was intentional, convert the expression to 'unknown' first.
  'string' index signatures are incompatible.
    Type '{ data: { [x: string]: any; }; active: boolean; rect: { x: number; y: number; w: number; h: number; r: number; }; animation: { enter: { type: string; duration: number; delay: number; ease: string; }; exit: { type: string; duration: number; delay: number; ease: string; }; }; }' is not comparable to type 'ElementSceneState<{ previewMode: boolean; textCase: FontCase; textFontFamily: string; textFontSize: string; textFontWeight: string; textLineHeight: string; textColor: string; textColorInterim: string; ... 75 more ...; css: string; }>'.
      Types of property 'data' are incompatible.
        Type '{ [x: string]: any; }' is missing the following properties from type '{ previewMode: boolean; textCase: FontCase; textFontFamily: string; textFontSize: string; textFontWeight: string; textLineHeight: string; textColor: string; textColorInterim: string; ... 75 more ...; css: string; }': previewMode, textCase, textFontFamily, textFontSize, and 80 more.
src/core/ui/inspector/inspector_text.tsx(324,54): error TS2352: Conversion of type 'Record<string, { data: { [x: string]: any; }; active: boolean; rect: { x: number; y: number; w: number; h: number; r: number; }; animation: { enter: { type: string; duration: number; delay: number; ease: string; }; exit: { ...; }; }; }>' to type 'Record<string, ElementSceneState<{ previewMode: boolean; textCase: FontCase; textFontFamily: string; textFontSize: string; textFontWeight: string; textLineHeight: string; textColor: string; textColorInterim: string; ... 75 more ...; css: string; }>>' may be a mistake because neither type sufficiently overlaps with the other. If this was intentional, convert the expression to 'unknown' first.
  'string' index signatures are incompatible.
    Type '{ data: { [x: string]: any; }; active: boolean; rect: { x: number; y: number; w: number; h: number; r: number; }; animation: { enter: { type: string; duration: number; delay: number; ease: string; }; exit: { type: string; duration: number; delay: number; ease: string; }; }; }' is not comparable to type 'ElementSceneState<{ previewMode: boolean; textCase: FontCase; textFontFamily: string; textFontSize: string; textFontWeight: string; textLineHeight: string; textColor: string; textColorInterim: string; ... 75 more ...; css: string; }>'.
      Types of property 'data' are incompatible.
        Type '{ [x: string]: any; }' is missing the following properties from type '{ previewMode: boolean; textCase: FontCase; textFontFamily: string; textFontSize: string; textFontWeight: string; textLineHeight: string; textColor: string; textColorInterim: string; ... 75 more ...; css: string; }': previewMode, textCase, textFontFamily, textFontSize, and 80 more.
